Archive member included to satisfy reference by file (symbol)

d:/programs/gcc-7-arm/bin/../lib/gcc/arm-none-eabi/7.2.1/../../../../arm-none-eabi/lib/thumb/v7-m\libg.a(lib_a-malloc.o)
                              ..\obj\SSD1306_I2C.o (malloc)
d:/programs/gcc-7-arm/bin/../lib/gcc/arm-none-eabi/7.2.1/../../../../arm-none-eabi/lib/thumb/v7-m\libg.a(lib_a-mallocr.o)
                              d:/programs/gcc-7-arm/bin/../lib/gcc/arm-none-eabi/7.2.1/../../../../arm-none-eabi/lib/thumb/v7-m\libg.a(lib_a-malloc.o) (_malloc_r)
d:/programs/gcc-7-arm/bin/../lib/gcc/arm-none-eabi/7.2.1/../../../../arm-none-eabi/lib/thumb/v7-m\libg.a(lib_a-mlock.o)
                              d:/programs/gcc-7-arm/bin/../lib/gcc/arm-none-eabi/7.2.1/../../../../arm-none-eabi/lib/thumb/v7-m\libg.a(lib_a-mallocr.o) (__malloc_lock)
d:/programs/gcc-7-arm/bin/../lib/gcc/arm-none-eabi/7.2.1/../../../../arm-none-eabi/lib/thumb/v7-m\libg.a(lib_a-sbrkr.o)
                              d:/programs/gcc-7-arm/bin/../lib/gcc/arm-none-eabi/7.2.1/../../../../arm-none-eabi/lib/thumb/v7-m\libg.a(lib_a-mallocr.o) (_sbrk_r)
d:/programs/gcc-7-arm/bin/../lib/gcc/arm-none-eabi/7.2.1/../../../../arm-none-eabi/lib/thumb/v7-m\libg.a(lib_a-strlen-stub.o)
                              ..\obj\main.o (strlen)
d:/programs/gcc-7-arm/bin/../lib/gcc/arm-none-eabi/7.2.1/../../../../arm-none-eabi/lib/thumb/v7-m\libg.a(lib_a-freer.o)
                              d:/programs/gcc-7-arm/bin/../lib/gcc/arm-none-eabi/7.2.1/../../../../arm-none-eabi/lib/thumb/v7-m\libg.a(lib_a-malloc.o) (_free_r)
d:/programs/gcc-7-arm/bin/../lib/gcc/arm-none-eabi/7.2.1/../../../../arm-none-eabi/lib/thumb/v7-m\libg.a(lib_a-lock.o)
                              d:/programs/gcc-7-arm/bin/../lib/gcc/arm-none-eabi/7.2.1/../../../../arm-none-eabi/lib/thumb/v7-m\libg.a(lib_a-mlock.o) (__retarget_lock_acquire_recursive)
d:/programs/gcc-7-arm/bin/../lib/gcc/arm-none-eabi/7.2.1/../../../../arm-none-eabi/lib/thumb/v7-m\libg.a(lib_a-reent.o)
                              d:/programs/gcc-7-arm/bin/../lib/gcc/arm-none-eabi/7.2.1/../../../../arm-none-eabi/lib/thumb/v7-m\libg.a(lib_a-sbrkr.o) (errno)

Allocating common symbols
Common symbol       size              file

sr_temp             0x20              ..\obj\ADCs.o
__lock___atexit_recursive_mutex
                    0x1               d:/programs/gcc-7-arm/bin/../lib/gcc/arm-none-eabi/7.2.1/../../../../arm-none-eabi/lib/thumb/v7-m\libg.a(lib_a-lock.o)
j                   0x4               ..\obj\Algorithmes.o
__lock___arc4random_mutex
                    0x1               d:/programs/gcc-7-arm/bin/../lib/gcc/arm-none-eabi/7.2.1/../../../../arm-none-eabi/lib/thumb/v7-m\libg.a(lib_a-lock.o)
errno               0x4               d:/programs/gcc-7-arm/bin/../lib/gcc/arm-none-eabi/7.2.1/../../../../arm-none-eabi/lib/thumb/v7-m\libg.a(lib_a-reent.o)
ssd1306_buf2        0x2               ..\obj\SSD1306_I2C.o
ir_temp             0x800             ..\obj\ADCs.o
__lock___env_recursive_mutex
                    0x1               d:/programs/gcc-7-arm/bin/../lib/gcc/arm-none-eabi/7.2.1/../../../../arm-none-eabi/lib/thumb/v7-m\libg.a(lib_a-lock.o)
__lock___sinit_recursive_mutex
                    0x1               d:/programs/gcc-7-arm/bin/../lib/gcc/arm-none-eabi/7.2.1/../../../../arm-none-eabi/lib/thumb/v7-m\libg.a(lib_a-lock.o)
OLED_Config         0x3               ..\obj\Timers.o
__lock___malloc_recursive_mutex
                    0x1               d:/programs/gcc-7-arm/bin/../lib/gcc/arm-none-eabi/7.2.1/../../../../arm-none-eabi/lib/thumb/v7-m\libg.a(lib_a-lock.o)
MainLoop_Config     0x5               ..\obj\Timers.o
i                   0x4               ..\obj\Algorithmes.o
imageSignalGraph    0x300             ..\obj\main.o
red_temp            0x800             ..\obj\ADCs.o
ssd1306_buf1        0x4               ..\obj\SSD1306_I2C.o
lcdBuffer           0x400             ..\obj\main.o
imageSignalGraphArray
                    0x300             ..\obj\main.o
USART1_ReciveBuf    0x80              ..\obj\USARTs.o
__lock___at_quick_exit_mutex
                    0x1               d:/programs/gcc-7-arm/bin/../lib/gcc/arm-none-eabi/7.2.1/../../../../arm-none-eabi/lib/thumb/v7-m\libg.a(lib_a-lock.o)
__lock___dd_hash_mutex
                    0x1               d:/programs/gcc-7-arm/bin/../lib/gcc/arm-none-eabi/7.2.1/../../../../arm-none-eabi/lib/thumb/v7-m\libg.a(lib_a-lock.o)
__lock___tz_mutex   0x1               d:/programs/gcc-7-arm/bin/../lib/gcc/arm-none-eabi/7.2.1/../../../../arm-none-eabi/lib/thumb/v7-m\libg.a(lib_a-lock.o)
__lock___sfp_recursive_mutex
                    0x1               d:/programs/gcc-7-arm/bin/../lib/gcc/arm-none-eabi/7.2.1/../../../../arm-none-eabi/lib/thumb/v7-m\libg.a(lib_a-lock.o)

Discarded input sections

 .text          0x00000000        0x0 ..\obj\stm32f10x_rtc.o
 .data          0x00000000        0x0 ..\obj\stm32f10x_rtc.o
[...]
Memory Configuration

Name             Origin             Length             Attributes
rom              0x08000000         0x00020000         xr
ram              0x20000000         0x00005000         xrw
*default*        0x00000000         0xffffffff

Linker script and memory map

                0x20005000                _eram = 0x20005000

.text           0x08000000     0x5e7e
 *(.isr_vector)
 .isr_vector    0x08000000      0x10c ..\obj\startup_stm32f10x_md.o
                0x08000000                g_pfnVectors
 *(.text*)
 .text.SystemInit
                0x0800010c       0x68 ..\obj\system_stm32f10x.o
                0x0800010c                SystemInit
 .text.SetSysClock
                0x08000174        0xc ..\obj\system_stm32f10x.o
 .text.SetSysClockTo72
                0x08000180      0x100 ..\obj\system_stm32f10x.o
 .text.ssd1306_TurnOn
                0x08000280       0x18 ..\obj\SSD1306_I2C.o
                0x08000280                ssd1306_TurnOn
 .text.ssd1306_TurnOff
                0x08000298       0x18 ..\obj\SSD1306_I2C.o
                0x08000298                ssd1306_TurnOff
 .text.ssd1306_SendCommand
                0x080002b0       0x34 ..\obj\SSD1306_I2C.o
                0x080002b0                ssd1306_SendCommand
 .text.ssd1306_SendData
                0x080002e4       0x28 ..\obj\SSD1306_I2C.o
                0x080002e4                ssd1306_SendData
 .text.ssd1306_SetCursor
                0x0800030c       0x46 ..\obj\SSD1306_I2C.o
                0x0800030c                ssd1306_SetCursor
 *fill*         0x08000352        0x2 
 .text.ssd1306_FillDisplay
                0x08000354       0x88 ..\obj\SSD1306_I2C.o
                0x08000354                ssd1306_FillDisplay
 .text.ssd1306_DrawImage
                0x080003dc      0x1e0 ..\obj\SSD1306_I2C.o
                0x080003dc                ssd1306_DrawImage
 .text.ssd1306_Draw6x8Str
                0x080005bc      0x114 ..\obj\SSD1306_I2C.o
                0x080005bc                ssd1306_Draw6x8Str
 .text.ssd1306_Draw12x16Str
                0x080006d0       0x90 ..\obj\SSD1306_I2C.o
                0x080006d0                ssd1306_Draw12x16Str
 .text.ssd1306_Init
                0x08000760       0xda ..\obj\SSD1306_I2C.o
                0x08000760                ssd1306_Init
 *fill*         0x0800083a        0x2 
 .text.Default_Reset_Handler
                0x0800083c       0x60 ..\obj\startup_stm32f10x_md.o
                0x0800083c                Default_Reset_Handler
                0x0800083c                Reset_Handler
 .text.Default_Handler
                0x0800089c       0x34 ..\obj\startup_stm32f10x_md.o
                0x0800089c                EXTI2_IRQHandler
                0x0800089c                DebugMon_Handler
                0x0800089c                TIM1_CC_IRQHandler
                0x0800089c                HardFault_Handler
                0x0800089c                SysTick_Handler
                0x0800089c                PVD_IRQHandler
                0x0800089c                PendSV_Handler
                0x0800089c                NMI_Handler
                0x0800089c                EXTI3_IRQHandler
                0x0800089c                I2C2_EV_IRQHandler
                0x0800089c                UsageFault_Handler
                0x0800089c                ADC1_2_IRQHandler
                0x0800089c                SPI1_IRQHandler
                0x0800089c                TAMPER_IRQHandler
                0x0800089c                DMA1_Channel4_IRQHandler
                0x0800089c                USART3_IRQHandler
                0x0800089c                RTC_IRQHandler
                0x0800089c                DMA1_Channel7_IRQHandler
                0x0800089c                CAN1_RX1_IRQHandler
                0x0800089c                TIM4_IRQHandler
                0x0800089c                I2C1_EV_IRQHandler
                0x0800089c                DMA1_Channel6_IRQHandler
                0x0800089c                RCC_IRQHandler
                0x0800089c                TIM1_TRG_COM_IRQHandler
                0x0800089c                DMA1_Channel1_IRQHandler
                0x0800089c                EXTI9_5_IRQHandler
                0x0800089c                SPI2_IRQHandler
                0x0800089c                MemManage_Handler
                0x0800089c                SVC_Handler
                0x0800089c                DMA1_Channel5_IRQHandler
                0x0800089c                EXTI4_IRQHandler
                0x0800089c                USB_LP_CAN1_RX0_IRQHandler
                0x0800089c                USB_HP_CAN1_TX_IRQHandler
                0x0800089c                DMA1_Channel3_IRQHandler
                0x0800089c                TIM1_UP_IRQHandler
                0x0800089c                WWDG_IRQHandler
                0x0800089c                TIM2_IRQHandler
                0x0800089c                TIM1_BRK_IRQHandler
                0x0800089c                EXTI1_IRQHandler
                0x0800089c                RTCAlarm_IRQHandler
                0x0800089c                USART2_IRQHandler
                0x0800089c                I2C2_ER_IRQHandler
                0x0800089c                DMA1_Channel2_IRQHandler
                0x0800089c                CAN1_SCE_IRQHandler
                0x0800089c                FLASH_IRQHandler
                0x0800089c                BusFault_Handler
                0x0800089c                I2C1_ER_IRQHandler
                0x0800089c                USBWakeUp_IRQHandler
 .text.NVIC_EnableIRQ
                0x080008d0       0x30 ..\obj\Timers.o
 .text.NVIC_DisableIRQ
                0x08000900       0x34 ..\obj\Timers.o
 .text.MK_StructInit
                0x08000934       0x44 ..\obj\Timers.o
                0x08000934                MK_StructInit
 .text.MK_ExceptChargeStructInit
                0x08000978       0x34 ..\obj\Timers.o
                0x08000978                MK_ExceptChargeStructInit
 .text.TIM3_Init
                0x080009ac       0x50 ..\obj\Timers.o
                0x080009ac                TIM3_Init
 .text.TIM3_Start
                0x080009fc       0x2c ..\obj\Timers.o
                0x080009fc                TIM3_Start
 .text.TIM3_Stop
                0x08000a28       0x28 ..\obj\Timers.o
                0x08000a28                TIM3_Stop
 .text.TIM3_TurnOn
                0x08000a50       0x1c ..\obj\Timers.o
                0x08000a50                TIM3_TurnOn
 .text.TIM3_TurnOff
                0x08000a6c       0x1c ..\obj\Timers.o
                0x08000a6c                TIM3_TurnOff
 .text.TIM3_IRQHandler
                0x08000a88      0x2e8 ..\obj\Timers.o
                0x08000a88                TIM3_IRQHandler
 .text.GPIO_Init
                0x08000d70      0x178 ..\obj\stm32f10x_gpio.o
                0x08000d70                GPIO_Init
 .text.GPIO_ReadInputDataBit
                0x08000ee8       0x32 ..\obj\stm32f10x_gpio.o
                0x08000ee8                GPIO_ReadInputDataBit
 .text.GPIO_SetBits
                0x08000f1a       0x1c ..\obj\stm32f10x_gpio.o
                0x08000f1a                GPIO_SetBits
 .text.GPIO_ResetBits
                0x08000f36       0x1c ..\obj\stm32f10x_gpio.o
                0x08000f36                GPIO_ResetBits
 *fill*         0x08000f52        0x2 
 .text.GPIO_EXTILineConfig
                0x08000f54       0x80 ..\obj\stm32f10x_gpio.o
                0x08000f54                GPIO_EXTILineConfig
 .text.MK_MainInit
                0x08000fd4      0x120 ..\obj\main.o
                0x08000fd4                MK_MainInit
 .text.setArrayStatusToReady
                0x080010f4       0x84 ..\obj\main.o
                0x080010f4                setArrayStatusToReady
 .text.setArrayStatusToFilling
                0x08001178       0x58 ..\obj\main.o
                0x08001178                setArrayStatusToFilling
 .text.setArrayStatusToFull
                0x080011d0       0x8c ..\obj\main.o
                0x080011d0                setArrayStatusToFull
 .text.setArrayStatusToSending
                0x0800125c      0x160 ..\obj\main.o
                0x0800125c                setArrayStatusToSending
 .text.main     0x080013bc      0xb70 ..\obj\main.o
                0x080013bc                main
 .text.NVIC_DisableIRQ
                0x08001f2c       0x34 ..\obj\USARTs.o
 .text.USART1_Init
                0x08001f60       0x6c ..\obj\USARTs.o
                0x08001f60                USART1_Init
 .text.USART1_BoostOn
                0x08001fcc       0x44 ..\obj\USARTs.o
                0x08001fcc                USART1_BoostOn
 .text.USART1_TurnOn
                0x08002010       0x34 ..\obj\USARTs.o
                0x08002010                USART1_TurnOn
 .text.USART1_TurnOff
                0x08002044       0x3c ..\obj\USARTs.o
                0x08002044                USART1_TurnOff
 .text.USART1_SendString
                0x08002080       0x44 ..\obj\USARTs.o
                0x08002080                USART1_SendString
 .text.USART1_IRQHandler
                0x080020c4       0x60 ..\obj\USARTs.o
                0x080020c4                USART1_IRQHandler
 .text.PutChar  0x08002124       0x1e ..\obj\printf.o
                0x08002124                PutChar
 .text.PutString
                0x08002142       0x3a ..\obj\printf.o
                0x08002142                PutString
 .text.PutUnsignedInt
                0x0800217c       0x9c ..\obj\printf.o
                0x0800217c                PutUnsignedInt
 .text.PutSignedInt
                0x08002218       0xf8 ..\obj\printf.o
                0x08002218                PutSignedInt
 .text.PutHexa  0x08002310       0xd4 ..\obj\printf.o
                0x08002310                PutHexa
 .text.vsnprintf
                0x080023e4      0x254 ..\obj\printf.o
                0x080023e4                vsnprintf
 .text.vsprintf
                0x08002638       0x22 ..\obj\printf.o
                0x08002638                vsprintf
 .text.sprintf  0x0800265a       0x2c ..\obj\printf.o
                0x0800265a                sprintf
 *fill*         0x08002686        0x2 
 .text.RCC_ADCCLKConfig
                0x08002688       0x38 ..\obj\stm32f10x_rcc.o
                0x08002688                RCC_ADCCLKConfig
 .text.RCC_GetClocksFreq
                0x080026c0      0x160 ..\obj\stm32f10x_rcc.o
                0x080026c0                RCC_GetClocksFreq
 .text.RCC_APB2PeriphClockCmd
                0x08002820       0x3c ..\obj\stm32f10x_rcc.o
                0x08002820                RCC_APB2PeriphClockCmd
 .text.RCC_APB1PeriphClockCmd
                0x0800285c       0x3c ..\obj\stm32f10x_rcc.o
                0x0800285c                RCC_APB1PeriphClockCmd
 .text.GPIOAB_TurnOn
                0x08002898       0x24 ..\obj\Algorithmes.o
                0x08002898                GPIOAB_TurnOn
 .text.GPIOAB_TurnOff
                0x080028bc       0x24 ..\obj\Algorithmes.o
                0x080028bc                GPIOAB_TurnOff
 .text.MK_DelayMS
                0x080028e0       0x2a ..\obj\Algorithmes.o
                0x080028e0                MK_DelayMS
 .text.MK_DelayMKS
                0x0800290a       0x24 ..\obj\Algorithmes.o
                0x0800290a                MK_DelayMKS
 *fill*         0x0800292e        0x2 
 .text.MK_GetBatteryVoltage
                0x08002930       0x98 ..\obj\Algorithmes.o
                0x08002930                MK_GetBatteryVoltage
 .text.MK_TurnOn
                0x080029c8      0x224 ..\obj\Algorithmes.o
                0x080029c8                MK_TurnOn
 .text.MK_TurnOff
                0x08002bec      0x104 ..\obj\Algorithmes.o
                0x08002bec                MK_TurnOff
 .text.EXTI_Init
                0x08002cf0       0xe4 ..\obj\stm32f10x_exti.o
                0x08002cf0                EXTI_Init
 .text.EXTI_GetITStatus
                0x08002dd4       0x48 ..\obj\stm32f10x_exti.o
                0x08002dd4                EXTI_GetITStatus
 .text.EXTI_ClearITPendingBit
                0x08002e1c       0x1c ..\obj\stm32f10x_exti.o
                0x08002e1c                EXTI_ClearITPendingBit
 .text.ADC_Init
                0x08002e38       0xa4 ..\obj\stm32f10x_adc.o
                0x08002e38                ADC_Init
 .text.ADC_Cmd  0x08002edc       0x36 ..\obj\stm32f10x_adc.o
                0x08002edc                ADC_Cmd
 .text.ADC_ResetCalibration
                0x08002f12       0x1e ..\obj\stm32f10x_adc.o
                0x08002f12                ADC_ResetCalibration
 .text.ADC_GetResetCalibrationStatus
                0x08002f30       0x2e ..\obj\stm32f10x_adc.o
                0x08002f30                ADC_GetResetCalibrationStatus
 .text.ADC_StartCalibration
                0x08002f5e       0x1e ..\obj\stm32f10x_adc.o
                0x08002f5e                ADC_StartCalibration
 .text.ADC_GetCalibrationStatus
                0x08002f7c       0x2e ..\obj\stm32f10x_adc.o
                0x08002f7c                ADC_GetCalibrationStatus
 .text.ADC_SoftwareStartConvCmd
                0x08002faa       0x36 ..\obj\stm32f10x_adc.o
                0x08002faa                ADC_SoftwareStartConvCmd
 .text.ADC_AutoInjectedConvCmd
                0x08002fe0       0x36 ..\obj\stm32f10x_adc.o
                0x08002fe0                ADC_AutoInjectedConvCmd
 .text.ADC_ExternalTrigInjectedConvConfig
                0x08003016       0x34 ..\obj\stm32f10x_adc.o
                0x08003016                ADC_ExternalTrigInjectedConvConfig
 .text.ADC_InjectedChannelConfig
                0x0800304a      0x120 ..\obj\stm32f10x_adc.o
                0x0800304a                ADC_InjectedChannelConfig
 .text.ADC_InjectedSequencerLengthConfig
                0x0800316a       0x42 ..\obj\stm32f10x_adc.o
                0x0800316a                ADC_InjectedSequencerLengthConfig
 .text.ADC_GetInjectedConversionValue
                0x080031ac       0x2e ..\obj\stm32f10x_adc.o
                0x080031ac                ADC_GetInjectedConversionValue
 .text.ADC_GetFlagStatus
                0x080031da       0x32 ..\obj\stm32f10x_adc.o
                0x080031da                ADC_GetFlagStatus
 .text.USART_Init
                0x0800320c      0x174 ..\obj\stm32f10x_usart.o
                0x0800320c                USART_Init
 .text.USART_Cmd
                0x08003380       0x3e ..\obj\stm32f10x_usart.o
                0x08003380                USART_Cmd
 .text.USART_ITConfig
                0x080033be       0x8e ..\obj\stm32f10x_usart.o
                0x080033be                USART_ITConfig
 .text.USART_SendData
                0x0800344c       0x22 ..\obj\stm32f10x_usart.o
                0x0800344c                USART_SendData
 .text.USART_ReceiveData
                0x0800346e       0x1e ..\obj\stm32f10x_usart.o
                0x0800346e                USART_ReceiveData
 .text.USART_GetFlagStatus
                0x0800348c       0x36 ..\obj\stm32f10x_usart.o
                0x0800348c                USART_GetFlagStatus
 .text.USART_ClearITPendingBit
                0x080034c2       0x38 ..\obj\stm32f10x_usart.o
                0x080034c2                USART_ClearITPendingBit
 *fill*         0x080034fa        0x2 
 .text._sbrk    0x080034fc       0x3c ..\obj\syscalls.o
                0x080034fc                _sbrk
 .text.ADC1_Init
                0x08003538       0x9c ..\obj\ADCs.o
                0x08003538                ADC1_Init
 .text.ADC1_TurnOn
                0x080035d4       0x50 ..\obj\ADCs.o
                0x080035d4                ADC1_TurnOn
 .text.ADC1_TurnOff
                0x08003624       0x28 ..\obj\ADCs.o
                0x08003624                ADC1_TurnOff
 .text.NVIC_Init
                0x0800364c       0xc4 ..\obj\misc.o
                0x0800364c                NVIC_Init
 .text.I2C1_Init
                0x08003710       0x5c ..\obj\I2Cs.o
                0x08003710                I2C1_Init
 .text.I2C1_TurnOn
                0x0800376c       0x28 ..\obj\I2Cs.o
                0x0800376c                I2C1_TurnOn
 .text.I2C1_TurnOff
                0x08003794       0x28 ..\obj\I2Cs.o
                0x08003794                I2C1_TurnOff
 .text.I2C1_Start
                0x080037bc       0x64 ..\obj\I2Cs.o
                0x080037bc                I2C1_Start
 .text.I2C1_Write
                0x08003820       0x50 ..\obj\I2Cs.o
                0x08003820                I2C1_Write
 .text.I2C1_Stop
                0x08003870       0x28 ..\obj\I2Cs.o
                0x08003870                I2C1_Stop
 .text.I2C_Init
                0x08003898      0x184 ..\obj\stm32f10x_i2c.o
                0x08003898                I2C_Init
 .text.I2C_StructInit
                0x08003a1c       0x3c ..\obj\stm32f10x_i2c.o
                0x08003a1c                I2C_StructInit
 .text.I2C_Cmd  0x08003a58       0x3e ..\obj\stm32f10x_i2c.o
                0x08003a58                I2C_Cmd
 .text.I2C_GenerateSTART
                0x08003a96       0x3e ..\obj\stm32f10x_i2c.o
                0x08003a96                I2C_GenerateSTART
 .text.I2C_GenerateSTOP
                0x08003ad4       0x3e ..\obj\stm32f10x_i2c.o
                0x08003ad4                I2C_GenerateSTOP
 .text.I2C_SendData
                0x08003b12       0x1e ..\obj\stm32f10x_i2c.o
                0x08003b12                I2C_SendData
 .text.I2C_Send7bitAddress
                0x08003b30       0x3a ..\obj\stm32f10x_i2c.o
                0x08003b30                I2C_Send7bitAddress
 .text.I2C_CheckEvent
                0x08003b6a       0x5e ..\obj\stm32f10x_i2c.o
                0x08003b6a                I2C_CheckEvent
 .text.I2C_GetFlagStatus
                0x08003bc8       0x64 ..\obj\stm32f10x_i2c.o
                0x08003bc8                I2C_GetFlagStatus
 .text.NVIC_EnableIRQ
                0x08003c2c       0x30 ..\obj\EXTIs.o
 .text.NVIC_SetPriority
                0x08003c5c       0x54 ..\obj\EXTIs.o
 .text.PowerButton_Init
                0x08003cb0       0x54 ..\obj\EXTIs.o
                0x08003cb0                PowerButton_Init
 .text.USBInputLine_Init
                0x08003d04       0x36 ..\obj\EXTIs.o
                0x08003d04                USBInputLine_Init
 *fill*         0x08003d3a        0x2 
 .text.EXTI0_IRQHandler
                0x08003d3c       0xb4 ..\obj\EXTIs.o
                0x08003d3c                EXTI0_IRQHandler
 .text.EXTI15_10_IRQHandler
                0x08003df0       0x74 ..\obj\EXTIs.o
                0x08003df0                EXTI15_10_IRQHandler
 .text.malloc   0x08003e64       0x10 d:/programs/gcc-7-arm/bin/../lib/gcc/arm-none-eabi/7.2.1/../../../../arm-none-eabi/lib/thumb/v7-m\libg.a(lib_a-malloc.o)
                0x08003e64                malloc
 .text.free     0x08003e74       0x10 d:/programs/gcc-7-arm/bin/../lib/gcc/arm-none-eabi/7.2.1/../../../../arm-none-eabi/lib/thumb/v7-m\libg.a(lib_a-malloc.o)
                0x08003e74                free
 .text._malloc_r
                0x08003e84      0x524 d:/programs/gcc-7-arm/bin/../lib/gcc/arm-none-eabi/7.2.1/../../../../arm-none-eabi/lib/thumb/v7-m\libg.a(lib_a-mallocr.o)
                0x08003e84                _malloc_r
 .text.__malloc_lock
                0x080043a8        0xc d:/programs/gcc-7-arm/bin/../lib/gcc/arm-none-eabi/7.2.1/../../../../arm-none-eabi/lib/thumb/v7-m\libg.a(lib_a-mlock.o)
                0x080043a8                __malloc_lock
 .text.__malloc_unlock
                0x080043b4        0xc d:/programs/gcc-7-arm/bin/../lib/gcc/arm-none-eabi/7.2.1/../../../../arm-none-eabi/lib/thumb/v7-m\libg.a(lib_a-mlock.o)
                0x080043b4                __malloc_unlock
 .text._sbrk_r  0x080043c0       0x24 d:/programs/gcc-7-arm/bin/../lib/gcc/arm-none-eabi/7.2.1/../../../../arm-none-eabi/lib/thumb/v7-m\libg.a(lib_a-sbrkr.o)
                0x080043c0                _sbrk_r
 .text.strlen   0x080043e4       0x5c d:/programs/gcc-7-arm/bin/../lib/gcc/arm-none-eabi/7.2.1/../../../../arm-none-eabi/lib/thumb/v7-m\libg.a(lib_a-strlen-stub.o)
                0x080043e4                strlen
 .text._malloc_trim_r
                0x08004440       0xa0 d:/programs/gcc-7-arm/bin/../lib/gcc/arm-none-eabi/7.2.1/../../../../arm-none-eabi/lib/thumb/v7-m\libg.a(lib_a-freer.o)
                0x08004440                _malloc_trim_r
 .text._free_r  0x080044e0      0x1e8 d:/programs/gcc-7-arm/bin/../lib/gcc/arm-none-eabi/7.2.1/../../../../arm-none-eabi/lib/thumb/v7-m\libg.a(lib_a-freer.o)
                0x080044e0                _free_r
 .text.__retarget_lock_acquire_recursive
                0x080046c8        0x4 d:/programs/gcc-7-arm/bin/../lib/gcc/arm-none-eabi/7.2.1/../../../../arm-none-eabi/lib/thumb/v7-m\libg.a(lib_a-lock.o)
                0x080046c8                __retarget_lock_acquire_recursive
 .text.__retarget_lock_release_recursive
                0x080046cc        0x4 d:/programs/gcc-7-arm/bin/../lib/gcc/arm-none-eabi/7.2.1/../../../../arm-none-eabi/lib/thumb/v7-m\libg.a(lib_a-lock.o)
                0x080046cc                __retarget_lock_release_recursive
 *(.init)
 *(.fini)
 *crtbegin.o(.ctors)
 *crtbegin?.o(.ctors)
 *(EXCLUDE_FILE(*crtend.o *crtend?.o) .ctors)
 *(SORT_BY_NAME(.ctors.*))
 *(.ctors)
 *crtbegin.o(.dtors)
 *crtbegin?.o(.dtors)
 *(EXCLUDE_FILE(*crtend.o *crtend?.o) .dtors)
 *(SORT_BY_NAME(.dtors.*))
 *(.dtors)
 *(.rodata*)
 .rodata        0x080046d0     0x1680 ..\obj\SSD1306_I2C.o
                0x080046d0                font6x8
                0x08004b50                font12x16
 .rodata        0x08005d50        0x7 ..\obj\startup_stm32f10x_md.o
 *fill*         0x08005d57        0x1 
 .rodata        0x08005d58        0x3 ..\obj\Timers.o
 *fill*         0x08005d5b        0x1 
 .rodata        0x08005d5c       0xfe ..\obj\main.o
 *fill*         0x08005e5a        0x2 
 .rodata        0x08005e5c       0x22 ..\obj\Algorithmes.o
 *(.eh_fram e*)

.glue_7         0x08005e80        0x0
 .glue_7        0x08005e80        0x0 linker stubs

.glue_7t        0x08005e80        0x0
 .glue_7t       0x08005e80        0x0 linker stubs

.vfp11_veneer   0x08005e80        0x0
 .vfp11_veneer  0x08005e80        0x0 linker stubs

.v4_bx          0x08005e80        0x0
 .v4_bx         0x08005e80        0x0 linker stubs

.iplt           0x08005e80        0x0
 .iplt          0x08005e80        0x0 ..\obj\system_stm32f10x.o

.rel.dyn        0x08005e80        0x0
 .rel.iplt      0x08005e80        0x0 ..\obj\system_stm32f10x.o

.ARM.extab
 *(.ARM.extab* .gnu.linkonce.armextab.*)
                0x08005e80                __exidx_start = .

.ARM.exidx
 *(.ARM.exidx* .gnu.linkonce.armexidx.*)
                0x08005e80                __exidx_end = .
                0x08005e80                __etext = .
                0x08005e7e                _sidata = __etext

.data           0x20000000      0xa00 load address 0x08005e7e
                0x20000000                __data_start__ = .
                0x20000000                _sdata = __data_start__
 *(vtable)
 *(.data*)
 .data          0x20000000       0x20 ..\obj\Timers.o
                0x20000000                TIM3_IRPer
                0x20000004                TIM3_RPer
                0x20000008                TIM3_SRPer
                0x2000000c                TIM3_TimePer
                0x20000010                TIM3_BatteryPer
                0x20000014                TIM3_Del
                0x20000018                TIM3_Nms
                0x2000001c                TIM3_IRQn_Priority
 .data          0x20000020      0x182 ..\obj\main.o
                0x20000020                imageBat100
                0x20000060                imageBat80
                0x200000a0                imageBat60
                0x200000e0                imageBat40
                0x20000120                imageBat20
                0x20000160                imageBatCharge
                0x200001a0                BLinit
 .data          0x200001a2        0x1 ..\obj\USARTs.o
                0x200001a2                USART1_ReciveCount
 *fill*         0x200001a3        0x5 
 .data          0x200001a8      0x42c ..\obj\printf.o
                0x200001a8                r
                0x200005d0                _impure_ptr
 .data          0x200005d4       0x14 ..\obj\stm32f10x_rcc.o
 .data          0x200005e8        0x4 ..\obj\Algorithmes.o
                0x200005e8                ChargedBatteryVoltage
                0x200005ea                DischargedBatteryVoltage
 .data          0x200005ec        0x2 ..\obj\EXTIs.o
                0x200005ec                EXTI0_IRQn_Priority
                0x200005ed                EXTI10_IRQn_Priority
 *fill*         0x200005ee        0x2 
 .data.__malloc_av_
                0x200005f0      0x408 d:/programs/gcc-7-arm/bin/../lib/gcc/arm-none-eabi/7.2.1/../../../../arm-none-eabi/lib/thumb/v7-m\libg.a(lib_a-mallocr.o)
                0x200005f0                __malloc_av_
 .data.__malloc_sbrk_base
                0x200009f8        0x4 d:/programs/gcc-7-arm/bin/../lib/gcc/arm-none-eabi/7.2.1/../../../../arm-none-eabi/lib/thumb/v7-m\libg.a(lib_a-mallocr.o)
                0x200009f8                __malloc_sbrk_base
 .data.__malloc_trim_threshold
                0x200009fc        0x4 d:/programs/gcc-7-arm/bin/../lib/gcc/arm-none-eabi/7.2.1/../../../../arm-none-eabi/lib/thumb/v7-m\libg.a(lib_a-mallocr.o)
                0x200009fc                __malloc_trim_threshold
                0x20000a00                . = ALIGN (0x4)
                [!provide]                PROVIDE (__preinit_array_start, .)
 *(.preinit_array)
                [!provide]                PROVIDE (__preinit_array_end, .)
                0x20000a00                . = ALIGN (0x4)
                [!provide]                PROVIDE (__init_array_start, .)
 *(SORT_BY_NAME(.init_array.*))
 *(.init_array)
                [!provide]                PROVIDE (__init_array_end, .)
                0x20000a00                . = ALIGN (0x4)
                [!provide]                PROVIDE (__fini_array_start, .)
 *(SORT_BY_NAME(.fini_array.*))
 *(.fini_array)
                [!provide]                PROVIDE (__fini_array_end, .)
 *(.jcr*)
                0x20000a00                . = ALIGN (0x4)
                0x20000a00                __data_end__ = .
                0x20000a00                _edata = __data_end__

.igot.plt       0x20000a00        0x0 load address 0x08006880
 .igot.plt      0x20000a00        0x0 ..\obj\system_stm32f10x.o

.bss            0x20000a00     0x1b50 load address 0x08006880
                0x20000a00                . = ALIGN (0x4)
                0x20000a00                __bss_start__ = .
                0x20000a00                _sbss = __bss_start__
 *(.bss*)
 .bss           0x20000a00        0x1 ..\obj\SSD1306_I2C.o
                0x20000a00                is_SSD1306_TurnedOn
 *fill*         0x20000a01        0x3 
 .bss           0x20000a04        0xc ..\obj\Timers.o
                0x20000a04                is_TIM3_TurnedOn
                0x20000a05                is_TIM3_Started
                0x20000a06                is_MK_Charge
                0x20000a08                countSec
                0x20000a0c                countAll
 .bss           0x20000a10        0x2 ..\obj\main.o
                0x20000a10                lcdUpdated
                0x20000a11                dataLoading
 .bss           0x20000a12        0x2 ..\obj\USARTs.o
                0x20000a12                is_USART1_TurnedOn
                0x20000a13                USART1_IRQn_Priority
 .bss           0x20000a14        0x1 ..\obj\Algorithmes.o
                0x20000a14                is_GPIOAB_TurnedOn
 *fill*         0x20000a15        0x3 
 .bss           0x20000a18        0x4 ..\obj\syscalls.o
 .bss           0x20000a1c       0x16 ..\obj\ADCs.o
                0x20000a1c                is_ADC1_TurnedOn
                0x20000a20                arrayStatus
                0x20000a24                ir_temp_count
                0x20000a28                red_temp_count
                0x20000a2c                sr_temp_count
                0x20000a30                BatteryVoltage
 .bss           0x20000a32        0x1 ..\obj\I2Cs.o
                0x20000a32                is_I2C1_TurnedOn
 *fill*         0x20000a33        0x1 
 .bss           0x20000a34        0x4 ..\obj\EXTIs.o
                0x20000a34                is_MK_TurnedOn
                0x20000a35                is_Vbus
                0x20000a36                lcdOutput
 .bss.__malloc_current_mallinfo
                0x20000a38       0x28 d:/programs/gcc-7-arm/bin/../lib/gcc/arm-none-eabi/7.2.1/../../../../arm-none-eabi/lib/thumb/v7-m\libg.a(lib_a-mallocr.o)
                0x20000a38                __malloc_current_mallinfo
 .bss.__malloc_max_sbrked_mem
                0x20000a60        0x4 d:/programs/gcc-7-arm/bin/../lib/gcc/arm-none-eabi/7.2.1/../../../../arm-none-eabi/lib/thumb/v7-m\libg.a(lib_a-mallocr.o)
                0x20000a60                __malloc_max_sbrked_mem
 .bss.__malloc_max_total_mem
                0x20000a64        0x4 d:/programs/gcc-7-arm/bin/../lib/gcc/arm-none-eabi/7.2.1/../../../../arm-none-eabi/lib/thumb/v7-m\libg.a(lib_a-mallocr.o)
                0x20000a64                __malloc_max_total_mem
 .bss.__malloc_top_pad
                0x20000a68        0x4 d:/programs/gcc-7-arm/bin/../lib/gcc/arm-none-eabi/7.2.1/../../../../arm-none-eabi/lib/thumb/v7-m\libg.a(lib_a-mallocr.o)
                0x20000a68                __malloc_top_pad
 *(COMMON)
 COMMON         0x20000a6c        0x8 ..\obj\SSD1306_I2C.o
                0x20000a6c                ssd1306_buf2
                0x20000a70                ssd1306_buf1
 COMMON         0x20000a74        0x9 ..\obj\Timers.o
                0x20000a74                OLED_Config
                0x20000a78                MainLoop_Config
 *fill*         0x20000a7d        0x3 
 COMMON         0x20000a80      0xa00 ..\obj\main.o
                0x20000a80                imageSignalGraph
                0x20000d80                lcdBuffer
                0x20001180                imageSignalGraphArray
 COMMON         0x20001480       0x80 ..\obj\USARTs.o
                0x20001480                USART1_ReciveBuf
 COMMON         0x20001500        0x8 ..\obj\Algorithmes.o
                0x20001500                j
                0x20001504                i
 COMMON         0x20001508     0x1020 ..\obj\ADCs.o
                0x20001508                sr_temp
                0x20001528                ir_temp
                0x20001d28                red_temp
 COMMON         0x20002528       0x21 d:/programs/gcc-7-arm/bin/../lib/gcc/arm-none-eabi/7.2.1/../../../../arm-none-eabi/lib/thumb/v7-m\libg.a(lib_a-lock.o)
                0x20002528                __lock___atexit_recursive_mutex
                0x2000252c                __lock___arc4random_mutex
                0x20002530                __lock___env_recursive_mutex
                0x20002534                __lock___sinit_recursive_mutex
                0x20002538                __lock___malloc_recursive_mutex
                0x2000253c                __lock___at_quick_exit_mutex
                0x20002540                __lock___dd_hash_mutex
                0x20002544                __lock___tz_mutex
                0x20002548                __lock___sfp_recursive_mutex
 *fill*         0x20002549        0x3 
 COMMON         0x2000254c        0x4 d:/programs/gcc-7-arm/bin/../lib/gcc/arm-none-eabi/7.2.1/../../../../arm-none-eabi/lib/thumb/v7-m\libg.a(lib_a-reent.o)
                0x2000254c                errno
                0x20002550                . = ALIGN (0x4)
                0x20002550                __bss_end__ = .
                0x20002550                _ebss = __bss_end__

.heap           0x20002550        0x0
                0x20002550                __end__ = .
                0x20002550                _end = __end__
                0x20002550                end = __end__
 *(.heap*)
                0x20002550                __HeapLimit = .

.co_stack       0x20002550      0x400 load address 0x080083d0
                0x20002550                . = ALIGN (0x8)
 *(.co_stack .co_stack.*)
 .co_stack      0x20002550      0x400 ..\obj\startup_stm32f10x_md.o
                0x20002550                pulStack
                0x20005000                __StackTop = (ORIGIN (ram) + LENGTH (ram))
                0x20004c00                __StackLimit = (__StackTop - SIZEOF (.co_stack))
                [!provide]                PROVIDE (__stack, __StackTop)
                0x00000001                ASSERT ((__StackLimit >= __HeapLimit), region ram  overflowed with stack)
LOAD ..\obj\stm32f10x_rtc.o
LOAD ..\obj\stm32f10x_tim.o
LOAD ..\obj\stm32f10x_dbgmcu.o
LOAD ..\obj\system_stm32f10x.o
LOAD ..\obj\SSD1306_I2C.o
LOAD ..\obj\stm32f10x_fsmc.o
LOAD ..\obj\stm32f10x_pwr.o
LOAD ..\obj\startup_stm32f10x_md.o
LOAD ..\obj\Timers.o
LOAD ..\obj\stm32f10x_can.o
LOAD ..\obj\stm32f10x_gpio.o
LOAD ..\obj\stm32f10x_dac.o
LOAD ..\obj\main.o
LOAD ..\obj\USARTs.o
LOAD ..\obj\stm32f10x_crc.o
LOAD ..\obj\printf.o
LOAD ..\obj\stm32f10x_rcc.o
LOAD ..\obj\Algorithmes.o
LOAD ..\obj\stm32f10x_exti.o
LOAD ..\obj\stm32f10x_adc.o
LOAD ..\obj\stm32f10x_usart.o
LOAD ..\obj\syscalls.o
LOAD ..\obj\stm32f10x_flash.o
LOAD ..\obj\stm32f10x_cec.o
LOAD ..\obj\ADCs.o
LOAD ..\obj\stm32f10x_sdio.o
LOAD ..\obj\stm32f10x_dma.o
LOAD ..\obj\misc.o
LOAD ..\obj\I2Cs.o
LOAD ..\obj\stm32f10x_wwdg.o
LOAD ..\obj\stm32f10x_spi.o
LOAD ..\obj\stm32f10x_i2c.o
LOAD ..\obj\EXTIs.o
LOAD ..\obj\stm32f10x_bkp.o
LOAD ..\obj\stm32f10x_iwdg.o
START GROUP
LOAD d:/programs/gcc-7-arm/bin/../lib/gcc/arm-none-eabi/7.2.1/thumb/v7-m\libgcc.a
LOAD d:/programs/gcc-7-arm/bin/../lib/gcc/arm-none-eabi/7.2.1/../../../../arm-none-eabi/lib/thumb/v7-m\libg.a
LOAD d:/programs/gcc-7-arm/bin/../lib/gcc/arm-none-eabi/7.2.1/../../../../arm-none-eabi/lib/thumb/v7-m\libc.a
END GROUP
OUTPUT(SafeBandFirmware1v1.elf elf32-littlearm)

.debug_info     0x00000000     0xa64c
 .debug_info    0x00000000      0x4a1 ..\obj\system_stm32f10x.o
 .debug_info    0x000004a1     0x1073 ..\obj\SSD1306_I2C.o
 .debug_info    0x00001514      0x1e4 ..\obj\startup_stm32f10x_md.o
 .debug_info    0x000016f8      0xc66 ..\obj\Timers.o
 .debug_info    0x0000235e      0x6fe ..\obj\stm32f10x_gpio.o
 .debug_info    0x00002a5c     0x10c7 ..\obj\main.o
 .debug_info    0x00003b23      0x6c6 ..\obj\USARTs.o
 .debug_info    0x000041e9      0xe60 ..\obj\printf.o
 .debug_info    0x00005049      0x8ae ..\obj\stm32f10x_rcc.o
 .debug_info    0x000058f7      0x6f2 ..\obj\Algorithmes.o
 .debug_info    0x00005fe9      0x35d ..\obj\stm32f10x_exti.o
 .debug_info    0x00006346      0xb82 ..\obj\stm32f10x_adc.o
 .debug_info    0x00006ec8      0x9f6 ..\obj\stm32f10x_usart.o
 .debug_info    0x000078be      0xc98 ..\obj\syscalls.o
 .debug_info    0x00008556      0x3ea ..\obj\ADCs.o
 .debug_info    0x00008940      0x547 ..\obj\misc.o
 .debug_info    0x00008e87      0x372 ..\obj\I2Cs.o
 .debug_info    0x000091f9      0xade ..\obj\stm32f10x_i2c.o
 .debug_info    0x00009cd7      0x975 ..\obj\EXTIs.o

.debug_abbrev   0x00000000     0x235b
 .debug_abbrev  0x00000000      0x170 ..\obj\system_stm32f10x.o
 .debug_abbrev  0x00000170      0x29e ..\obj\SSD1306_I2C.o
 .debug_abbrev  0x0000040e       0xf5 ..\obj\startup_stm32f10x_md.o
 .debug_abbrev  0x00000503      0x281 ..\obj\Timers.o
 .debug_abbrev  0x00000784      0x1e1 ..\obj\stm32f10x_gpio.o
 .debug_abbrev  0x00000965      0x310 ..\obj\main.o
 .debug_abbrev  0x00000c75      0x205 ..\obj\USARTs.o
 .debug_abbrev  0x00000e7a      0x28e ..\obj\printf.o
 .debug_abbrev  0x00001108      0x1d1 ..\obj\stm32f10x_rcc.o
 .debug_abbrev  0x000012d9      0x1e3 ..\obj\Algorithmes.o
 .debug_abbrev  0x000014bc      0x16c ..\obj\stm32f10x_exti.o
 .debug_abbrev  0x00001628      0x1ad ..\obj\stm32f10x_adc.o
 .debug_abbrev  0x000017d5      0x191 ..\obj\stm32f10x_usart.o
 .debug_abbrev  0x00001966      0x20d ..\obj\syscalls.o
 .debug_abbrev  0x00001b73      0x142 ..\obj\ADCs.o
 .debug_abbrev  0x00001cb5      0x174 ..\obj\misc.o
 .debug_abbrev  0x00001e29      0x15d ..\obj\I2Cs.o
 .debug_abbrev  0x00001f86      0x193 ..\obj\stm32f10x_i2c.o
 .debug_abbrev  0x00002119      0x242 ..\obj\EXTIs.o

.debug_aranges  0x00000000      0x9d8
 .debug_aranges
                0x00000000       0x38 ..\obj\system_stm32f10x.o
 .debug_aranges
                0x00000038       0xb8 ..\obj\SSD1306_I2C.o
 .debug_aranges
                0x000000f0       0x28 ..\obj\startup_stm32f10x_md.o
 .debug_aranges
                0x00000118       0x68 ..\obj\Timers.o
 .debug_aranges
                0x00000180       0xa8 ..\obj\stm32f10x_gpio.o
 .debug_aranges
                0x00000228       0x48 ..\obj\main.o
 .debug_aranges
                0x00000270       0x50 ..\obj\USARTs.o
 .debug_aranges
                0x000002c0       0xa0 ..\obj\printf.o
 .debug_aranges
                0x00000360      0x118 ..\obj\stm32f10x_rcc.o
 .debug_aranges
                0x00000478       0x58 ..\obj\Algorithmes.o
 .debug_aranges
                0x000004d0       0x58 ..\obj\stm32f10x_exti.o
 .debug_aranges
                0x00000528      0x138 ..\obj\stm32f10x_adc.o
 .debug_aranges
                0x00000660      0x100 ..\obj\stm32f10x_usart.o
 .debug_aranges
                0x00000760       0x60 ..\obj\syscalls.o
 .debug_aranges
                0x000007c0       0x30 ..\obj\ADCs.o
 .debug_aranges
                0x000007f0       0x40 ..\obj\misc.o
 .debug_aranges
                0x00000830       0x48 ..\obj\I2Cs.o
 .debug_aranges
                0x00000878      0x118 ..\obj\stm32f10x_i2c.o
 .debug_aranges
                0x00000990       0x48 ..\obj\EXTIs.o

.debug_ranges   0x00000000      0x8a8
 .debug_ranges  0x00000000       0x28 ..\obj\system_stm32f10x.o
 .debug_ranges  0x00000028       0xa8 ..\obj\SSD1306_I2C.o
 .debug_ranges  0x000000d0       0x18 ..\obj\startup_stm32f10x_md.o
 .debug_ranges  0x000000e8       0x58 ..\obj\Timers.o
 .debug_ranges  0x00000140       0x98 ..\obj\stm32f10x_gpio.o
 .debug_ranges  0x000001d8       0x38 ..\obj\main.o
 .debug_ranges  0x00000210       0x40 ..\obj\USARTs.o
 .debug_ranges  0x00000250       0x90 ..\obj\printf.o
 .debug_ranges  0x000002e0      0x108 ..\obj\stm32f10x_rcc.o
 .debug_ranges  0x000003e8       0x48 ..\obj\Algorithmes.o
 .debug_ranges  0x00000430       0x48 ..\obj\stm32f10x_exti.o
 .debug_ranges  0x00000478      0x128 ..\obj\stm32f10x_adc.o
 .debug_ranges  0x000005a0       0xf0 ..\obj\stm32f10x_usart.o
 .debug_ranges  0x00000690       0x50 ..\obj\syscalls.o
 .debug_ranges  0x000006e0       0x20 ..\obj\ADCs.o
 .debug_ranges  0x00000700       0x30 ..\obj\misc.o
 .debug_ranges  0x00000730       0x38 ..\obj\I2Cs.o
 .debug_ranges  0x00000768      0x108 ..\obj\stm32f10x_i2c.o
 .debug_ranges  0x00000870       0x38 ..\obj\EXTIs.o

.debug_line     0x00000000     0x4483
 .debug_line    0x00000000      0x20a ..\obj\system_stm32f10x.o
 .debug_line    0x0000020a      0x600 ..\obj\SSD1306_I2C.o
 .debug_line    0x0000080a      0x273 ..\obj\startup_stm32f10x_md.o
 .debug_line    0x00000a7d      0x2d4 ..\obj\Timers.o
 .debug_line    0x00000d51      0x3fe ..\obj\stm32f10x_gpio.o
 .debug_line    0x0000114f      0x652 ..\obj\main.o
 .debug_line    0x000017a1      0x2af ..\obj\USARTs.o
 .debug_line    0x00001a50      0x315 ..\obj\printf.o
 .debug_line    0x00001d65      0x4f9 ..\obj\stm32f10x_rcc.o
 .debug_line    0x0000225e      0x371 ..\obj\Algorithmes.o
 .debug_line    0x000025cf      0x2d4 ..\obj\stm32f10x_exti.o
 .debug_line    0x000028a3      0x568 ..\obj\stm32f10x_adc.o
 .debug_line    0x00002e0b      0x4e0 ..\obj\stm32f10x_usart.o
 .debug_line    0x000032eb      0x244 ..\obj\syscalls.o
 .debug_line    0x0000352f      0x24b ..\obj\ADCs.o
 .debug_line    0x0000377a      0x273 ..\obj\misc.o
 .debug_line    0x000039ed      0x2a6 ..\obj\I2Cs.o
 .debug_line    0x00003c93      0x4fe ..\obj\stm32f10x_i2c.o
 .debug_line    0x00004191      0x2f2 ..\obj\EXTIs.o

.debug_str      0x00000000     0x31e5
 .debug_str     0x00000000      0x2d8 ..\obj\system_stm32f10x.o
                                0x347 (size before relaxing)
 .debug_str     0x000002d8      0x633 ..\obj\SSD1306_I2C.o
                                0x816 (size before relaxing)
 .debug_str     0x0000090b      0x10f ..\obj\startup_stm32f10x_md.o
                                0x2ce (size before relaxing)
 .debug_str     0x00000a1a      0x7c0 ..\obj\Timers.o
                                0x9bb (size before relaxing)
 .debug_str     0x000011da      0x3b1 ..\obj\stm32f10x_gpio.o
                                0x598 (size before relaxing)
 .debug_str     0x0000158b      0x1c0 ..\obj\main.o
                                0xb30 (size before relaxing)
 .debug_str     0x0000174b      0x1ef ..\obj\USARTs.o
                                0x769 (size before relaxing)
 .debug_str     0x0000193a      0x114 ..\obj\printf.o
                                0x69a (size before relaxing)
 .debug_str     0x00001a4e      0x40a ..\obj\stm32f10x_rcc.o
                                0x699 (size before relaxing)
 .debug_str     0x00001e58       0x98 ..\obj\Algorithmes.o
                                0x5c5 (size before relaxing)
 .debug_str     0x00001ef0      0x1f4 ..\obj\stm32f10x_exti.o
                                0x3c8 (size before relaxing)
 .debug_str     0x000020e4      0x4fd ..\obj\stm32f10x_adc.o
                                0x77a (size before relaxing)
 .debug_str     0x000025e1      0x3c4 ..\obj\stm32f10x_usart.o
                                0x70f (size before relaxing)
 .debug_str     0x000029a5      0x19c ..\obj\syscalls.o
                                0x73c (size before relaxing)
 .debug_str     0x00002b41       0x5a ..\obj\ADCs.o
                                0x373 (size before relaxing)
 .debug_str     0x00002b9b      0x143 ..\obj\misc.o
                                0x43d (size before relaxing)
 .debug_str     0x00002cde      0x107 ..\obj\I2Cs.o
                                0x38b (size before relaxing)
 .debug_str     0x00002de5      0x332 ..\obj\stm32f10x_i2c.o
                                0x6bd (size before relaxing)
 .debug_str     0x00003117       0xce ..\obj\EXTIs.o
                                0x92a (size before relaxing)

.comment        0x00000000       0x7e
 .comment       0x00000000       0x7e ..\obj\system_stm32f10x.o
                                 0x7f (size before relaxing)
 .comment       0x0000007e       0x7f ..\obj\SSD1306_I2C.o
 .comment       0x0000007e       0x7f ..\obj\startup_stm32f10x_md.o
 .comment       0x0000007e       0x7f ..\obj\Timers.o
 .comment       0x0000007e       0x7f ..\obj\stm32f10x_gpio.o
 .comment       0x0000007e       0x7f ..\obj\main.o
 .comment       0x0000007e       0x7f ..\obj\USARTs.o
 .comment       0x0000007e       0x7f ..\obj\printf.o
 .comment       0x0000007e       0x7f ..\obj\stm32f10x_rcc.o
 .comment       0x0000007e       0x7f ..\obj\Algorithmes.o
 .comment       0x0000007e       0x7f ..\obj\stm32f10x_exti.o
 .comment       0x0000007e       0x7f ..\obj\stm32f10x_adc.o
 .comment       0x0000007e       0x7f ..\obj\stm32f10x_usart.o
 .comment       0x0000007e       0x7f ..\obj\syscalls.o
 .comment       0x0000007e       0x7f ..\obj\ADCs.o
 .comment       0x0000007e       0x7f ..\obj\misc.o
 .comment       0x0000007e       0x7f ..\obj\I2Cs.o
 .comment       0x0000007e       0x7f ..\obj\stm32f10x_i2c.o
 .comment       0x0000007e       0x7f ..\obj\EXTIs.o

.ARM.attributes
                0x00000000       0x33
 .ARM.attributes
                0x00000000       0x33 ..\obj\system_stm32f10x.o
 .ARM.attributes
                0x00000033       0x33 ..\obj\SSD1306_I2C.o
 .ARM.attributes
                0x00000066       0x33 ..\obj\startup_stm32f10x_md.o
 .ARM.attributes
                0x00000099       0x33 ..\obj\Timers.o
 .ARM.attributes
                0x000000cc       0x33 ..\obj\stm32f10x_gpio.o
 .ARM.attributes
                0x000000ff       0x33 ..\obj\main.o
 .ARM.attributes
                0x00000132       0x33 ..\obj\USARTs.o
 .ARM.attributes
                0x00000165       0x33 ..\obj\printf.o
 .ARM.attributes
                0x00000198       0x33 ..\obj\stm32f10x_rcc.o
 .ARM.attributes
                0x000001cb       0x33 ..\obj\Algorithmes.o
 .ARM.attributes
                0x000001fe       0x33 ..\obj\stm32f10x_exti.o
 .ARM.attributes
                0x00000231       0x33 ..\obj\stm32f10x_adc.o
 .ARM.attributes
                0x00000264       0x33 ..\obj\stm32f10x_usart.o
 .ARM.attributes
                0x00000297       0x33 ..\obj\syscalls.o
 .ARM.attributes
                0x000002ca       0x33 ..\obj\ADCs.o
 .ARM.attributes
                0x000002fd       0x33 ..\obj\misc.o
 .ARM.attributes
                0x00000330       0x33 ..\obj\I2Cs.o
 .ARM.attributes
                0x00000363       0x33 ..\obj\stm32f10x_i2c.o
 .ARM.attributes
                0x00000396       0x33 ..\obj\EXTIs.o
 .ARM.attributes
                0x000003c9       0x2d d:/programs/gcc-7-arm/bin/../lib/gcc/arm-none-eabi/7.2.1/../../../../arm-none-eabi/lib/thumb/v7-m\libg.a(lib_a-malloc.o)
 .ARM.attributes
                0x000003f6       0x2d d:/programs/gcc-7-arm/bin/../lib/gcc/arm-none-eabi/7.2.1/../../../../arm-none-eabi/lib/thumb/v7-m\libg.a(lib_a-mallocr.o)
 .ARM.attributes
                0x00000423       0x2d d:/programs/gcc-7-arm/bin/../lib/gcc/arm-none-eabi/7.2.1/../../../../arm-none-eabi/lib/thumb/v7-m\libg.a(lib_a-mlock.o)
 .ARM.attributes
                0x00000450       0x2d d:/programs/gcc-7-arm/bin/../lib/gcc/arm-none-eabi/7.2.1/../../../../arm-none-eabi/lib/thumb/v7-m\libg.a(lib_a-sbrkr.o)
 .ARM.attributes
                0x0000047d       0x2d d:/programs/gcc-7-arm/bin/../lib/gcc/arm-none-eabi/7.2.1/../../../../arm-none-eabi/lib/thumb/v7-m\libg.a(lib_a-strlen-stub.o)
 .ARM.attributes
                0x000004aa       0x2d d:/programs/gcc-7-arm/bin/../lib/gcc/arm-none-eabi/7.2.1/../../../../arm-none-eabi/lib/thumb/v7-m\libg.a(lib_a-freer.o)
 .ARM.attributes
                0x000004d7       0x2d d:/programs/gcc-7-arm/bin/../lib/gcc/arm-none-eabi/7.2.1/../../../../arm-none-eabi/lib/thumb/v7-m\libg.a(lib_a-lock.o)
 .ARM.attributes
                0x00000504       0x2d d:/programs/gcc-7-arm/bin/../lib/gcc/arm-none-eabi/7.2.1/../../../../arm-none-eabi/lib/thumb/v7-m\libg.a(lib_a-reent.o)

.debug_frame    0x00000000     0x2a30
 .debug_frame   0x00000000       0x98 ..\obj\system_stm32f10x.o
 .debug_frame   0x00000098      0x2e8 ..\obj\SSD1306_I2C.o
 .debug_frame   0x00000380       0x54 ..\obj\startup_stm32f10x_md.o
 .debug_frame   0x000003d4      0x158 ..\obj\Timers.o
 .debug_frame   0x0000052c      0x2d0 ..\obj\stm32f10x_gpio.o
 .debug_frame   0x000007fc       0xe8 ..\obj\main.o
 .debug_frame   0x000008e4       0xf8 ..\obj\USARTs.o
 .debug_frame   0x000009dc      0x2dc ..\obj\printf.o
 .debug_frame   0x00000cb8      0x4f4 ..\obj\stm32f10x_rcc.o
 .debug_frame   0x000011ac      0x11c ..\obj\Algorithmes.o
 .debug_frame   0x000012c8      0x148 ..\obj\stm32f10x_exti.o
 .debug_frame   0x00001410      0x5a4 ..\obj\stm32f10x_adc.o
 .debug_frame   0x000019b4      0x490 ..\obj\stm32f10x_usart.o
 .debug_frame   0x00001e44      0x168 ..\obj\syscalls.o
 .debug_frame   0x00001fac       0x6c ..\obj\ADCs.o
 .debug_frame   0x00002018       0xd8 ..\obj\misc.o
 .debug_frame   0x000020f0       0xd0 ..\obj\I2Cs.o
 .debug_frame   0x000021c0      0x508 ..\obj\stm32f10x_i2c.o
 .debug_frame   0x000026c8       0xd8 ..\obj\EXTIs.o
 .debug_frame   0x000027a0       0x30 d:/programs/gcc-7-arm/bin/../lib/gcc/arm-none-eabi/7.2.1/../../../../arm-none-eabi/lib/thumb/v7-m\libg.a(lib_a-malloc.o)
 .debug_frame   0x000027d0       0x4c d:/programs/gcc-7-arm/bin/../lib/gcc/arm-none-eabi/7.2.1/../../../../arm-none-eabi/lib/thumb/v7-m\libg.a(lib_a-mallocr.o)
 .debug_frame   0x0000281c       0x30 d:/programs/gcc-7-arm/bin/../lib/gcc/arm-none-eabi/7.2.1/../../../../arm-none-eabi/lib/thumb/v7-m\libg.a(lib_a-mlock.o)
 .debug_frame   0x0000284c       0x2c d:/programs/gcc-7-arm/bin/../lib/gcc/arm-none-eabi/7.2.1/../../../../arm-none-eabi/lib/thumb/v7-m\libg.a(lib_a-sbrkr.o)
 .debug_frame   0x00002878       0x20 d:/programs/gcc-7-arm/bin/../lib/gcc/arm-none-eabi/7.2.1/../../../../arm-none-eabi/lib/thumb/v7-m\libg.a(lib_a-strlen-stub.o)
 .debug_frame   0x00002898       0x80 d:/programs/gcc-7-arm/bin/../lib/gcc/arm-none-eabi/7.2.1/../../../../arm-none-eabi/lib/thumb/v7-m\libg.a(lib_a-freer.o)
 .debug_frame   0x00002918       0xb0 d:/programs/gcc-7-arm/bin/../lib/gcc/arm-none-eabi/7.2.1/../../../../arm-none-eabi/lib/thumb/v7-m\libg.a(lib_a-lock.o)
 .debug_frame   0x000029c8       0x68 d:/programs/gcc-7-arm/bin/../lib/gcc/arm-none-eabi/7.2.1/../../../../arm-none-eabi/lib/thumb/v7-m\libg.a(lib_a-reent.o)
